// Jest Snapshot v1, https://goo.gl/fbAQLP

exports[`ScreenTemplate Component Render a global Component 1`] = `<ScreenTemplate />`;
